// Jest Snapshot v1, https://goo.gl/fbAQLP

exports[`quotes: beautifiedText 1`] = `
if (true) {
  console.log('hello world')
}

`;

exports[`quotes: entity 1`] = `
Object {
  "options": Object {
    "beautifiers": Array [
      "Prettier",
    ],
    "end_with_semicolon": false,
    "quotes": "single",
  },
}
`;

exports[`quotes: fitness 1`] = `1`;
