// Jest Snapshot v1, https://goo.gl/fbAQLP

exports[`test1: beautifiedText 1`] = `if(true){console.log({ hello: "world" });}`;

exports[`test1: beautifiers 1`] = `
Array [
  "Prettier",
]
`;

exports[`test1: trimmedOptions 1`] = `
Object {
  "pragma_require": true,
}
`;
